
========================================

=== SERVER STARTED: 2025-12-05 21:34:01 ===

========================================


[2025-12-05 21:34:01] [INFO] [SYSTEM] Initializing game systems...

[2025-12-05 21:34:01] [INFO] [SYSTEM] Character Creation Controller initialized

[2025-12-05 21:34:01] [INFO] [SYSTEM] Character data initialized:

[2025-12-05 21:34:01] [INFO] [SYSTEM]   - Races: 18

[2025-12-05 21:34:01] [INFO] [SYSTEM]   - Jobs: 29

[2025-12-05 21:34:01] [INFO] [SYSTEM]   - Roles: 7

[2025-12-05 21:34:01] [INFO] [SYSTEM]   - Equipment: 37

[2025-12-05 21:34:01] [INFO] [SYSTEM]   - Starting Towns: 4

[2025-12-05 21:34:01] [INFO] [SYSTEM] Game systems ready.

[2025-12-05 21:34:52] [INFO] [CHARACTER] [azubah] Character created: bep, Race: Human, Job: Viking, Role: Melee Tank


========================================

=== SERVER STARTED: 2025-12-05 21:54:30 ===

========================================


[2025-12-05 21:54:30] [INFO] [SYSTEM] Initializing game systems...

[2025-12-05 21:54:30] [INFO] [SYSTEM] Character Creation Controller initialized

[2025-12-05 21:54:30] [INFO] [SYSTEM] Character data initialized:

[2025-12-05 21:54:30] [INFO] [SYSTEM]   - Races: 18

[2025-12-05 21:54:30] [INFO] [SYSTEM]   - Jobs: 29

[2025-12-05 21:54:30] [INFO] [SYSTEM]   - Roles: 7

[2025-12-05 21:54:30] [INFO] [SYSTEM]   - Equipment: 37

[2025-12-05 21:54:30] [INFO] [SYSTEM]   - Starting Towns: 4

[2025-12-05 21:54:30] [INFO] [SYSTEM] Game systems ready.


========================================

=== SERVER STARTED: 2025-12-05 22:05:36 ===

========================================


[2025-12-05 22:05:36] [INFO] [SYSTEM] Initializing game systems...

[2025-12-05 22:05:36] [INFO] [SYSTEM] Character Creation Controller initialized

[2025-12-05 22:05:36] [INFO] [SYSTEM] Character data initialized:

[2025-12-05 22:05:36] [INFO] [SYSTEM]   - Races: 18

[2025-12-05 22:05:36] [INFO] [SYSTEM]   - Jobs: 29

[2025-12-05 22:05:36] [INFO] [SYSTEM]   - Roles: 7

[2025-12-05 22:05:36] [INFO] [SYSTEM]   - Equipment: 37

[2025-12-05 22:05:36] [INFO] [SYSTEM]   - Starting Towns: 4

[2025-12-05 22:05:36] [INFO] [SYSTEM] Game systems ready.

[2025-12-05 22:06:27] [INFO] [CHARACTER] [azubah] Character created: Boop, Race: Human, Job: Viking, Role: Melee Tank


========================================

=== SERVER STARTED: 2025-12-05 22:09:00 ===

========================================


[2025-12-05 22:09:00] [INFO] [SYSTEM] Initializing game systems...

[2025-12-05 22:09:00] [INFO] [SYSTEM] Character Creation Controller initialized

[2025-12-05 22:09:00] [INFO] [SYSTEM] Character data initialized:

[2025-12-05 22:09:00] [INFO] [SYSTEM]   - Races: 18

[2025-12-05 22:09:00] [INFO] [SYSTEM]   - Jobs: 29

[2025-12-05 22:09:00] [INFO] [SYSTEM]   - Roles: 7

[2025-12-05 22:09:00] [INFO] [SYSTEM]   - Equipment: 37

[2025-12-05 22:09:00] [INFO] [SYSTEM]   - Starting Towns: 4

[2025-12-05 22:09:00] [INFO] [SYSTEM] Game systems ready.

[2025-12-05 22:09:52] [INFO] [CHARACTER] [azubah] Character created: boop, Race: Moogle, Job: Monk, Role: Tank Caster

